--- LOGIC FINGERPRINT BASELINE ---
Generated: 2026-10-04T00:18:52.634Z
Total Tracked Files: 88

JSX_STRIPPED   ae798db30ee29768  client/src/components/common/CartDrawer.jsx
JSX_STRIPPED   13309bd125e43654  client/src/components/common/MemberQuickSearch.jsx
JSX_STRIPPED   c2935f03d67ffa25  client/src/components/common/RoleSwitcher.jsx
JSX_STRIPPED   80dc30d84d5f9c28  client/src/components/common/SlotGrid.jsx
JSX_STRIPPED   29c1fea53bc3c6d8  client/src/components/ui/Badge.jsx
JSX_STRIPPED   5ddbe2ee178138fe  client/src/components/ui/Button.jsx
JSX_STRIPPED   7c81258a5250f6fa  client/src/components/ui/Card.jsx
JSX_STRIPPED   373a9e704e142aef  client/src/components/ui/EmptyState.jsx
JSX_STRIPPED   09fd95f9ad0df30f  client/src/components/ui/Input.jsx
JSX_STRIPPED   40f60f230f73c631  client/src/components/ui/Modal.jsx
JSX_STRIPPED   d338bd07736edca8  client/src/components/ui/Select.jsx
JSX_STRIPPED   101cbc109a8410a1  client/src/components/ui/Skeleton.jsx
JSX_STRIPPED   f9190a53b1dba7e9  client/src/components/ui/Toast.jsx
LOGIC_RAW      e3b0c44298fc1c14  client/src/config/.gitkeep
LOGIC_RAW      e3b0c44298fc1c14  client/src/feature/auth/components/.gitkeep
LOGIC_RAW      e3b0c44298fc1c14  client/src/feature/auth/hooks/.gitkeep
LOGIC_RAW      abe85b308b2cb78e  client/src/feature/auth/hooks/useAuth.js
LOGIC_RAW      0ec293feb2acba31  client/src/feature/auth/index.js
LOGIC_RAW      e3b0c44298fc1c14  client/src/feature/auth/services/.gitkeep
LOGIC_RAW      dbe09c963a63bc35  client/src/feature/auth/services/authService.js
LOGIC_RAW      e3b0c44298fc1c14  client/src/feature/auth/slices/.gitkeep
LOGIC_RAW      7b1948ab9b4f7712  client/src/feature/auth/slices/authSlice.js
LOGIC_RAW      e3b0c44298fc1c14  client/src/feature/dashboard/components/.gitkeep
LOGIC_RAW      e3b0c44298fc1c14  client/src/feature/dashboard/hooks/.gitkeep
LOGIC_RAW      e3b0c44298fc1c14  client/src/feature/dashboard/index.js
LOGIC_RAW      e3b0c44298fc1c14  client/src/feature/dashboard/services/.gitkeep
LOGIC_RAW      e3b0c44298fc1c14  client/src/feature/dashboard/slices/.gitkeep
LOGIC_RAW      4b539bb557033fbb  client/src/feature/shop/cartSlice.js
JSX_STRIPPED   f4aeabba1053b46c  client/src/layout/MainLayout.jsx
JSX_STRIPPED   5034413fa8bc2482  client/src/layout/MemberLayout.jsx
JSX_STRIPPED   b49757cc306da519  client/src/layout/OwnerLayout.jsx
JSX_STRIPPED   25b7ac15d60e5626  client/src/layout/PublicLayout.jsx
JSX_STRIPPED   6d39da4d6e01e9bb  client/src/layout/StaffLayout.jsx
JSX_STRIPPED   2653cbe20a57af2e  client/src/main.jsx
JSX_STRIPPED   8e1649447776cf22  client/src/pages/bar/BarPos.jsx
JSX_STRIPPED   6f1e069e885812ec  client/src/pages/bar/BarSummary.jsx
JSX_STRIPPED   fe4862be359f0f88  client/src/pages/bar/KitchenDisplay.jsx
JSX_STRIPPED   9a57fb9a155059ff  client/src/pages/common/Profile.jsx
JSX_STRIPPED   5b1d6cdb1fbb6747  client/src/pages/Dashboard.jsx
JSX_STRIPPED   f08a653776c20792  client/src/pages/Login.jsx
JSX_STRIPPED   b36805bf023dc337  client/src/pages/member/Checkout.jsx
JSX_STRIPPED   34c10fbf0e8f92f4  client/src/pages/member/DigitalPass.jsx
JSX_STRIPPED   1a3e138c260c2544  client/src/pages/member/MemberBook.jsx
JSX_STRIPPED   1bf4f61e515c48a3  client/src/pages/member/MemberCafe.jsx
JSX_STRIPPED   8d3c4120d92e03bd  client/src/pages/member/MemberDashboard.jsx
JSX_STRIPPED   d7f58c4ddf8fd785  client/src/pages/member/MemberSocial.jsx
JSX_STRIPPED   17c9789eab1f6050  client/src/pages/member/MyBookings.jsx
JSX_STRIPPED   14f23008825ee264  client/src/pages/NotFound.jsx
JSX_STRIPPED   e422312966904159  client/src/pages/owner/ClubSettingsPage.jsx
JSX_STRIPPED   8dcc5b86eabc6d89  client/src/pages/owner/ExpensesPage.jsx
JSX_STRIPPED   b1afc5c804d924cf  client/src/pages/owner/HrEmployees.jsx
JSX_STRIPPED   134fb98c0fb22b58  client/src/pages/owner/InvoicesPage.jsx
JSX_STRIPPED   51a81ea951b41705  client/src/pages/owner/OwnerDashboard.jsx
JSX_STRIPPED   e8ab89ba43e17aa1  client/src/pages/owner/PayrollPage.jsx
JSX_STRIPPED   d7d0d29ef86aa69d  client/src/pages/owner/TaxReportsPage.jsx
JSX_STRIPPED   259d33bace3949a6  client/src/pages/public/Availability.jsx
JSX_STRIPPED   49e0f312168f6516  client/src/pages/public/Contact.jsx
JSX_STRIPPED   25e2a1a7f97cc882  client/src/pages/public/Landing.jsx
JSX_STRIPPED   34ccf5b869d20a9e  client/src/pages/public/Login.jsx
JSX_STRIPPED   7bb33eedd2186d91  client/src/pages/public/Plans.jsx
JSX_STRIPPED   be32cbbaf521d6a9  client/src/pages/public/Register.jsx
JSX_STRIPPED   4d05b6d886a4bddc  client/src/pages/public/Shop.jsx
JSX_STRIPPED   35868eee20942820  client/src/pages/staff/CafeInventory.jsx
JSX_STRIPPED   66a5626569615264  client/src/pages/staff/CounterPos.jsx
JSX_STRIPPED   5323933e16f2d0d2  client/src/pages/staff/LeadsCrm.jsx
JSX_STRIPPED   b284c7a4cfa4b47c  client/src/pages/staff/MemberDetail.jsx
JSX_STRIPPED   803469ba7334a8db  client/src/pages/staff/MemberList.jsx
JSX_STRIPPED   d914e7d4a5eee6a2  client/src/pages/staff/MemberNew.jsx
JSX_STRIPPED   a4b24f9aa7a476a5  client/src/pages/staff/OrdersAdmin.jsx
JSX_STRIPPED   fa8449baef227715  client/src/pages/staff/ProductsAdmin.jsx
JSX_STRIPPED   9464c48a745bb3c4  client/src/pages/staff/StaffBookings.jsx
JSX_STRIPPED   75117a33f219463a  client/src/pages/staff/StaffLeave.jsx
JSX_STRIPPED   a2f7e7e74f28b44a  client/src/pages/staff/StaffShifts.jsx
JSX_STRIPPED   009f41796c874fab  client/src/redux/router/index.jsx
LOGIC_RAW      e3b0c44298fc1c14  client/src/service/.gitkeep
LOGIC_RAW      6c678e8e8197fac8  client/src/service/api.js
LOGIC_RAW      3ce45522b5021f59  client/src/service/authService.js
LOGIC_RAW      45165806841eeb9c  client/src/service/barService.js
LOGIC_RAW      ace30033cedbc2da  client/src/service/cafeService.js
LOGIC_RAW      3ee54a749d9058fa  client/src/service/courtService.js
LOGIC_RAW      0355fe3f1ed7bd18  client/src/service/financeService.js
LOGIC_RAW      ab12c0f0aad0441e  client/src/service/hrService.js
LOGIC_RAW      b202b2de070d4f56  client/src/service/leadService.js
LOGIC_RAW      4aa1e32d0b2b1236  client/src/service/memberService.js
LOGIC_RAW      d324f0f2c0dfac32  client/src/service/publicService.js
LOGIC_RAW      32500bb4669cb927  client/src/service/shopService.js
LOGIC_RAW      29d67229912ad006  client/src/utils/format.js
LOGIC_RAW      5e5f649386d5c4c4  client/src/utils/staffRoles.js
